// Jest Snapshot v1, https://goo.gl/fbAQLP

exports[`Duration Snapshot 1`] = `
<span
  className="duration"
>
  14 sec
</span>
`;
