// Jest Snapshot v1, https://goo.gl/fbAQLP

exports[`TimeSince Snapshot 1`] = `
<time>
  7 months ago
</time>
`;
